Copyright 1986-2020 Xilinx, Inc. All Rights Reserved.
---------------------------------------------------------------------------------------------------------------
| Tool Version : Vivado v.2020.2 (win64) Build 3064766 Wed Nov 18 09:12:45 MST 2020
| Date         : Tue Mar 22 23:00:08 2022
| Host         : Brandon-Shock running 64-bit major release  (build 9200)
| Command      : report_drc -file au_top_0_drc_opted.rpt -pb au_top_0_drc_opted.pb -rpx au_top_0_drc_opted.rpx
| Design       : au_top_0
| Device       : xc7a35tftg256-1
| Speed File   : -1
| Design State : Synthesized
---------------------------------------------------------------------------------------------------------------

Report DRC

Table of Contents
-----------------
1. REPORT SUMMARY
2. REPORT DETAILS

1. REPORT SUMMARY
-----------------
            Netlist: netlist
          Floorplan: design_1
      Design limits: <entire design considered>
           Ruledeck: default
             Max violations: <unlimited>
             Violations found: 1
+-------------+----------+-------------------------------------------------------------+------------+
| Rule        | Severity | Description                                                 | Violations |
+-------------+----------+-------------------------------------------------------------+------------+
| PLHOLDVIO-2 | Warning  | Non-Optimal connections which could lead to hold violations | 1          |
+-------------+----------+-------------------------------------------------------------+------------+

2. REPORT DETAILS
-----------------
PLHOLDVIO-2#1 Warning
Non-Optimal connections which could lead to hold violations  
A LUT max/spi/max7219_clock_OBUF_inst_i_1 is driving clock pin of 8 cells. This could lead to large hold time violations. Involved cells are:
max/count/M_ctr_q_reg[0], max/count/M_ctr_q_reg[1],
max/count/M_ctr_q_reg[2], max/count/M_ctr_q_reg[3],
max/count/M_ctr_q_reg[4], max/count/M_ctr_q_reg[5],
max/count/M_ctr_q_reg[6], max/count/M_ctr_q_reg[7]
Related violations: <none>


